[0.231s] DEBUG:colcon:Command line arguments: ['/usr/bin/colcon', 'build']
[0.231s] DEBUG:colcon:Parsed command line arguments: Namespace(log_base=None, log_level=None, verb_name='build', build_base='build', install_base='install', merge_install=False, symlink_install=False, test_result_base=None, continue_on_error=False, executor='parallel', parallel_workers=16, event_handlers=None, ignore_user_meta=False, metas=['./colcon.meta'], base_paths=['.'], packages_ignore=None, packages_ignore_regex=None, paths=None, packages_up_to=None, packages_up_to_regex=None, packages_above=None, packages_above_and_dependencies=None, packages_above_depth=None, packages_select_by_dep=None, packages_skip_by_dep=None, packages_skip_up_to=None, packages_select_build_failed=False, packages_skip_build_finished=False, packages_select_test_failures=False, packages_skip_test_passed=False, packages_select=None, packages_skip=None, packages_select_regex=None, packages_skip_regex=None, packages_start=None, packages_end=None, allow_overriding=[], cmake_args=None, cmake_target=None, cmake_target_skip_unavailable=False, cmake_clean_cache=False, cmake_clean_first=False, cmake_force_configure=False, ament_cmake_args=None, catkin_cmake_args=None, catkin_skip_building_tests=False, verb_parser=<colcon_defaults.argument_parser.defaults.DefaultArgumentsDecorator object at 0x7df7900136a0>, verb_extension=<colcon_core.verb.build.BuildVerb object at 0x7df790013190>, main=<bound method BuildVerb.main of <colcon_core.verb.build.BuildVerb object at 0x7df790013190>>)
[0.489s] Level 1:colcon.colcon_core.package_discovery:discover_packages(colcon_meta) check parameters
[0.489s] Level 1:colcon.colcon_core.package_discovery:discover_packages(recursive) check parameters
[0.489s] Level 1:colcon.colcon_core.package_discovery:discover_packages(ignore) check parameters
[0.489s] Level 1:colcon.colcon_core.package_discovery:discover_packages(path) check parameters
[0.489s] Level 1:colcon.colcon_core.package_discovery:discover_packages(colcon_meta) discover
[0.489s] Level 1:colcon.colcon_core.package_discovery:discover_packages(recursive) discover
[0.489s] INFO:colcon.colcon_core.package_discovery:Crawling recursively for packages in '/home/mahinour/multi_sensor'
[0.489s] Level 1:colcon.colcon_core.package_identification:_identify(.) by extensions ['ignore', 'ignore_ament_install']
[0.489s] Level 1:colcon.colcon_core.package_identification:_identify(.) by extension 'ignore'
[0.489s] Level 1:colcon.colcon_core.package_identification:_identify(.) by extension 'ignore_ament_install'
[0.489s] Level 1:colcon.colcon_core.package_identification:_identify(.) by extensions ['colcon_pkg']
[0.489s] Level 1:colcon.colcon_core.package_identification:_identify(.) by extension 'colcon_pkg'
[0.489s] Level 1:colcon.colcon_core.package_identification:_identify(.) by extensions ['colcon_meta']
[0.489s] Level 1:colcon.colcon_core.package_identification:_identify(.) by extension 'colcon_meta'
[0.489s] Level 1:colcon.colcon_core.package_identification:_identify(.) by extensions ['ros']
[0.490s] Level 1:colcon.colcon_core.package_identification:_identify(.) by extension 'ros'
[0.502s] Level 1:colcon.colcon_core.package_identification:_identify(.) by extensions ['cmake', 'python']
[0.502s] Level 1:colcon.colcon_core.package_identification:_identify(.) by extension 'cmake'
[0.502s] Level 1:colcon.colcon_core.package_identification:_identify(.) by extension 'python'
[0.502s] Level 1:colcon.colcon_core.package_identification:_identify(.) by extensions ['python_setup_py']
[0.502s] Level 1:colcon.colcon_core.package_identification:_identify(.) by extension 'python_setup_py'
[0.502s] Level 1:colcon.colcon_core.package_identification:_identify(build) by extensions ['ignore', 'ignore_ament_install']
[0.502s] Level 1:colcon.colcon_core.package_identification:_identify(build) by extension 'ignore'
[0.502s] Level 1:colcon.colcon_core.package_identification:_identify(build) ignored
[0.503s] Level 1:colcon.colcon_core.package_identification:_identify(install) by extensions ['ignore', 'ignore_ament_install']
[0.503s] Level 1:colcon.colcon_core.package_identification:_identify(install) by extension 'ignore'
[0.503s] Level 1:colcon.colcon_core.package_identification:_identify(install) ignored
[0.503s] Level 1:colcon.colcon_core.package_identification:_identify(log) by extensions ['ignore', 'ignore_ament_install']
[0.503s] Level 1:colcon.colcon_core.package_identification:_identify(log) by extension 'ignore'
[0.503s] Level 1:colcon.colcon_core.package_identification:_identify(log) ignored
[0.503s] Level 1:colcon.colcon_core.package_identification:_identify(src) by extensions ['ignore', 'ignore_ament_install']
[0.503s] Level 1:colcon.colcon_core.package_identification:_identify(src) by extension 'ignore'
[0.503s] Level 1:colcon.colcon_core.package_identification:_identify(src) by extension 'ignore_ament_install'
[0.503s] Level 1:colcon.colcon_core.package_identification:_identify(src) by extensions ['colcon_pkg']
[0.503s] Level 1:colcon.colcon_core.package_identification:_identify(src) by extension 'colcon_pkg'
[0.503s] Level 1:colcon.colcon_core.package_identification:_identify(src) by extensions ['colcon_meta']
[0.503s] Level 1:colcon.colcon_core.package_identification:_identify(src) by extension 'colcon_meta'
[0.503s] Level 1:colcon.colcon_core.package_identification:_identify(src) by extensions ['ros']
[0.503s] Level 1:colcon.colcon_core.package_identification:_identify(src) by extension 'ros'
[0.503s] Level 1:colcon.colcon_core.package_identification:_identify(src) by extensions ['cmake', 'python']
[0.503s] Level 1:colcon.colcon_core.package_identification:_identify(src) by extension 'cmake'
[0.503s] Level 1:colcon.colcon_core.package_identification:_identify(src) by extension 'python'
[0.504s] Level 1:colcon.colcon_core.package_identification:_identify(src) by extensions ['python_setup_py']
[0.504s] Level 1:colcon.colcon_core.package_identification:_identify(src) by extension 'python_setup_py'
[0.504s] Level 1:colcon.colcon_core.package_identification:_identify(src/multi_sensor_validator) by extensions ['ignore', 'ignore_ament_install']
[0.504s] Level 1:colcon.colcon_core.package_identification:_identify(src/multi_sensor_validator) by extension 'ignore'
[0.504s] Level 1:colcon.colcon_core.package_identification:_identify(src/multi_sensor_validator) by extension 'ignore_ament_install'
[0.504s] Level 1:colcon.colcon_core.package_identification:_identify(src/multi_sensor_validator) by extensions ['colcon_pkg']
[0.504s] Level 1:colcon.colcon_core.package_identification:_identify(src/multi_sensor_validator) by extension 'colcon_pkg'
[0.504s] Level 1:colcon.colcon_core.package_identification:_identify(src/multi_sensor_validator) by extensions ['colcon_meta']
[0.504s] Level 1:colcon.colcon_core.package_identification:_identify(src/multi_sensor_validator) by extension 'colcon_meta'
[0.504s] Level 1:colcon.colcon_core.package_identification:_identify(src/multi_sensor_validator) by extensions ['ros']
[0.504s] Level 1:colcon.colcon_core.package_identification:_identify(src/multi_sensor_validator) by extension 'ros'
[0.507s] DEBUG:colcon.colcon_core.package_identification:Package 'src/multi_sensor_validator' with type 'ros.ament_python' and name 'multi_sensor_validator'
[0.507s] Level 1:colcon.colcon_core.package_discovery:discover_packages(recursive) using defaults
[0.507s] Level 1:colcon.colcon_core.package_discovery:discover_packages(ignore) discover
[0.507s] Level 1:colcon.colcon_core.package_discovery:discover_packages(ignore) using defaults
[0.507s] Level 1:colcon.colcon_core.package_discovery:discover_packages(path) discover
[0.507s] Level 1:colcon.colcon_core.package_discovery:discover_packages(path) using defaults
[0.533s] Level 1:colcon.colcon_core.package_discovery:discover_packages(prefix_path) check parameters
[0.533s] Level 1:colcon.colcon_core.package_discovery:discover_packages(prefix_path) discover
[0.536s] DEBUG:colcon.colcon_installed_package_information.package_discovery:Found 1 installed packages in /home/mahinour/multi_sensor/install
[0.538s] DEBUG:colcon.colcon_installed_package_information.package_discovery:Found 273 installed packages in /opt/ros/humble
[0.539s] Level 1:colcon.colcon_core.package_discovery:discover_packages(prefix_path) using defaults
[0.610s] Level 5:colcon.colcon_core.verb:set package 'multi_sensor_validator' build argument 'cmake_args' from command line to 'None'
[0.610s] Level 5:colcon.colcon_core.verb:set package 'multi_sensor_validator' build argument 'cmake_target' from command line to 'None'
[0.610s] Level 5:colcon.colcon_core.verb:set package 'multi_sensor_validator' build argument 'cmake_target_skip_unavailable' from command line to 'False'
[0.610s] Level 5:colcon.colcon_core.verb:set package 'multi_sensor_validator' build argument 'cmake_clean_cache' from command line to 'False'
[0.610s] Level 5:colcon.colcon_core.verb:set package 'multi_sensor_validator' build argument 'cmake_clean_first' from command line to 'False'
[0.610s] Level 5:colcon.colcon_core.verb:set package 'multi_sensor_validator' build argument 'cmake_force_configure' from command line to 'False'
[0.610s] Level 5:colcon.colcon_core.verb:set package 'multi_sensor_validator' build argument 'ament_cmake_args' from command line to 'None'
[0.610s] Level 5:colcon.colcon_core.verb:set package 'multi_sensor_validator' build argument 'catkin_cmake_args' from command line to 'None'
[0.610s] Level 5:colcon.colcon_core.verb:set package 'multi_sensor_validator' build argument 'catkin_skip_building_tests' from command line to 'False'
[0.610s] DEBUG:colcon.colcon_core.verb:Building package 'multi_sensor_validator' with the following arguments: {'ament_cmake_args': None, 'build_base': '/home/mahinour/multi_sensor/build/multi_sensor_validator', 'catkin_cmake_args': None, 'catkin_skip_building_tests': False, 'cmake_args': None, 'cmake_clean_cache': False, 'cmake_clean_first': False, 'cmake_force_configure': False, 'cmake_target': None, 'cmake_target_skip_unavailable': False, 'install_base': '/home/mahinour/multi_sensor/install/multi_sensor_validator', 'merge_install': False, 'path': '/home/mahinour/multi_sensor/src/multi_sensor_validator', 'symlink_install': False, 'test_result_base': None}
[0.610s] INFO:colcon.colcon_core.executor:Executing jobs using 'parallel' executor
[0.611s] DEBUG:colcon.colcon_parallel_executor.executor.parallel:run_until_complete
[0.612s] INFO:colcon.colcon_ros.task.ament_python.build:Building ROS package in '/home/mahinour/multi_sensor/src/multi_sensor_validator' with build type 'ament_python'
[0.612s] Level 1:colcon.colcon_core.shell:create_environment_hook('multi_sensor_validator', 'ament_prefix_path')
[0.617s] INFO:colcon.colcon_core.plugin_system:Skipping extension 'colcon_core.shell.bat': Not used on non-Windows systems
[0.617s] INFO:colcon.colcon_core.shell:Creating environment hook '/home/mahinour/multi_sensor/install/multi_sensor_validator/share/multi_sensor_validator/hook/ament_prefix_path.ps1'
[0.618s] INFO:colcon.colcon_core.shell:Creating environment descriptor '/home/mahinour/multi_sensor/install/multi_sensor_validator/share/multi_sensor_validator/hook/ament_prefix_path.dsv'
[0.618s] INFO:colcon.colcon_core.shell:Creating environment hook '/home/mahinour/multi_sensor/install/multi_sensor_validator/share/multi_sensor_validator/hook/ament_prefix_path.sh'
[0.619s] INFO:colcon.colcon_core.shell:Skip shell extension 'powershell' for command environment: Not usable outside of PowerShell
[0.619s] DEBUG:colcon.colcon_core.shell:Skip shell extension 'dsv' for command environment
[0.799s] INFO:colcon.colcon_core.task.python.build:Building Python package in '/home/mahinour/multi_sensor/src/multi_sensor_validator'
[0.799s] INFO:colcon.colcon_core.shell:Skip shell extension 'powershell' for command environment: Not usable outside of PowerShell
[0.799s] DEBUG:colcon.colcon_core.shell:Skip shell extension 'dsv' for command environment
[1.157s] DEBUG:colcon.colcon_core.task.python.build:Available setuptools commands: alias, clean, install_headers, build_py, install_lib, setopt, install_scripts, sdist, check, install_data, bdist_egg, build, build_clib, upload, extract_messages, rotate, upload_docs, build_scripts, bdist_rpm, easy_install, register, egg_info, saveopts, symlink_data, dist_info, compile_catalog, test, update_catalog, install_egg_info, init_catalog, bdist_dumb, install, develop, bdist, build_ext
[1.160s] DEBUG:colcon.colcon_core.event_handler.log_command:Invoking command in '/home/mahinour/multi_sensor/src/multi_sensor_validator': PYTHONPATH=/home/mahinour/multi_sensor/build/multi_sensor_validator/prefix_override:/usr/lib/python3/dist-packages/colcon_core/task/python/colcon_distutils_commands:/home/mahinour/multi_sensor/install/multi_sensor_validator/lib/python3.10/site-packages:${PYTHONPATH} /usr/bin/python3 -W ignore:setup.py install is deprecated -W ignore:easy_install command is deprecated setup.py egg_info --egg-base ../../build/multi_sensor_validator build --build-base /home/mahinour/multi_sensor/build/multi_sensor_validator/build install --record /home/mahinour/multi_sensor/build/multi_sensor_validator/install.log --install-scripts $base/lib/multi_sensor_validator --single-version-externally-managed install_data
[1.351s] DEBUG:colcon.colcon_core.event_handler.log_command:Invoked command in '/home/mahinour/multi_sensor/src/multi_sensor_validator' returned '0': PYTHONPATH=/home/mahinour/multi_sensor/build/multi_sensor_validator/prefix_override:/usr/lib/python3/dist-packages/colcon_core/task/python/colcon_distutils_commands:/home/mahinour/multi_sensor/install/multi_sensor_validator/lib/python3.10/site-packages:${PYTHONPATH} /usr/bin/python3 -W ignore:setup.py install is deprecated -W ignore:easy_install command is deprecated setup.py egg_info --egg-base ../../build/multi_sensor_validator build --build-base /home/mahinour/multi_sensor/build/multi_sensor_validator/build install --record /home/mahinour/multi_sensor/build/multi_sensor_validator/install.log --install-scripts $base/lib/multi_sensor_validator --single-version-externally-managed install_data
[1.357s] Level 1:colcon.colcon_core.environment:checking '/home/mahinour/multi_sensor/install/multi_sensor_validator' for CMake module files
[1.357s] Level 1:colcon.colcon_core.environment:checking '/home/mahinour/multi_sensor/install/multi_sensor_validator' for CMake config files
[1.357s] Level 1:colcon.colcon_core.environment:checking '/home/mahinour/multi_sensor/install/multi_sensor_validator/lib'
[1.358s] Level 1:colcon.colcon_core.environment:checking '/home/mahinour/multi_sensor/install/multi_sensor_validator/bin'
[1.358s] Level 1:colcon.colcon_core.environment:checking '/home/mahinour/multi_sensor/install/multi_sensor_validator/lib/pkgconfig/multi_sensor_validator.pc'
[1.358s] Level 1:colcon.colcon_core.environment:checking '/home/mahinour/multi_sensor/install/multi_sensor_validator/lib/python3.10/site-packages'
[1.358s] Level 1:colcon.colcon_core.shell:create_environment_hook('multi_sensor_validator', 'pythonpath')
[1.358s] INFO:colcon.colcon_core.shell:Creating environment hook '/home/mahinour/multi_sensor/install/multi_sensor_validator/share/multi_sensor_validator/hook/pythonpath.ps1'
[1.358s] INFO:colcon.colcon_core.shell:Creating environment descriptor '/home/mahinour/multi_sensor/install/multi_sensor_validator/share/multi_sensor_validator/hook/pythonpath.dsv'
[1.359s] INFO:colcon.colcon_core.shell:Creating environment hook '/home/mahinour/multi_sensor/install/multi_sensor_validator/share/multi_sensor_validator/hook/pythonpath.sh'
[1.359s] Level 1:colcon.colcon_core.environment:checking '/home/mahinour/multi_sensor/install/multi_sensor_validator/bin'
[1.359s] Level 1:colcon.colcon_core.environment:create_environment_scripts_only(multi_sensor_validator)
[1.360s] INFO:colcon.colcon_core.shell:Creating package script '/home/mahinour/multi_sensor/install/multi_sensor_validator/share/multi_sensor_validator/package.ps1'
[1.361s] INFO:colcon.colcon_core.shell:Creating package descriptor '/home/mahinour/multi_sensor/install/multi_sensor_validator/share/multi_sensor_validator/package.dsv'
[1.361s] INFO:colcon.colcon_core.shell:Creating package script '/home/mahinour/multi_sensor/install/multi_sensor_validator/share/multi_sensor_validator/package.sh'
[1.362s] INFO:colcon.colcon_core.shell:Creating package script '/home/mahinour/multi_sensor/install/multi_sensor_validator/share/multi_sensor_validator/package.bash'
[1.363s] INFO:colcon.colcon_core.shell:Creating package script '/home/mahinour/multi_sensor/install/multi_sensor_validator/share/multi_sensor_validator/package.zsh'
[1.364s] Level 1:colcon.colcon_core.environment:create_file_with_runtime_dependencies(/home/mahinour/multi_sensor/install/multi_sensor_validator/share/colcon-core/packages/multi_sensor_validator)
[1.364s] DEBUG:colcon.colcon_parallel_executor.executor.parallel:closing loop
[1.364s] DEBUG:colcon.colcon_parallel_executor.executor.parallel:loop closed
[1.364s] DEBUG:colcon.colcon_parallel_executor.executor.parallel:run_until_complete finished with '0'
[1.365s] DEBUG:colcon.colcon_core.event_reactor:joining thread
[1.396s] INFO:colcon.colcon_core.plugin_system:Skipping extension 'colcon_notification.desktop_notification.notify_send': Could not find 'notify-send'
[1.396s] INFO:colcon.colcon_core.plugin_system:Skipping extension 'colcon_notification.desktop_notification.terminal_notifier': Not used on non-Darwin systems
[1.396s] INFO:colcon.colcon_core.plugin_system:Skipping extension 'colcon_notification.desktop_notification.win32': Not used on non-Windows systems
[1.396s] INFO:colcon.colcon_notification.desktop_notification:Sending desktop notification using 'notify2'
[1.396s] DEBUG:colcon.colcon_notification.desktop_notification.notify2:Failed to initialize notify2: org.freedesktop.DBus.Error.FileNotFound: Failed to connect to socket /run/user/1000/bus: No such file or directory
[1.396s] DEBUG:colcon.colcon_core.event_reactor:joined thread
[1.396s] INFO:colcon.colcon_core.shell:Creating prefix script '/home/mahinour/multi_sensor/install/local_setup.ps1'
[1.398s] INFO:colcon.colcon_core.shell:Creating prefix util module '/home/mahinour/multi_sensor/install/_local_setup_util_ps1.py'
[1.399s] INFO:colcon.colcon_core.shell:Creating prefix chain script '/home/mahinour/multi_sensor/install/setup.ps1'
[1.400s] INFO:colcon.colcon_core.shell:Creating prefix script '/home/mahinour/multi_sensor/install/local_setup.sh'
[1.401s] INFO:colcon.colcon_core.shell:Creating prefix util module '/home/mahinour/multi_sensor/install/_local_setup_util_sh.py'
[1.401s] INFO:colcon.colcon_core.shell:Creating prefix chain script '/home/mahinour/multi_sensor/install/setup.sh'
[1.402s] INFO:colcon.colcon_core.shell:Creating prefix script '/home/mahinour/multi_sensor/install/local_setup.bash'
[1.403s] INFO:colcon.colcon_core.shell:Creating prefix chain script '/home/mahinour/multi_sensor/install/setup.bash'
[1.403s] INFO:colcon.colcon_core.shell:Creating prefix script '/home/mahinour/multi_sensor/install/local_setup.zsh'
[1.404s] INFO:colcon.colcon_core.shell:Creating prefix chain script '/home/mahinour/multi_sensor/install/setup.zsh'
